﻿
> hav-portal@1.0.0 build
>23vite build

[36mvite v4.5.14 [32mbuilding for production...[36m[39m
transforming...
[32mÔ£ô[39m 3740 modules transformed.
[32mÔ£ô built in 10.81s[39m
node.exe : [31m"Grid2x2" 
is not exported by "node_mo
dules/lucide-react/dist/esm
/lucide-react.mjs", 
imported by "src/calendar/c
omponents/header/calendar-h
eader.tsx".[39m
En línea: 1 Carácter: 1
+ & "C:\Program 
Files\nodejs/node.exe" 
"C:\Program 
Files\nodejs/node_mo ...
+ ~~~~~~~~~~~~~~~~~~~~~~~~~
~~~~~~~~~~~~~~~~~~~~~~~~~~~
~~~~~~~~~~~~~~~~~
    + CategoryInfo         
     : NotSpecified: ([3  
  1m"Grid2x2" ...ader.ts   
 x".[39m:String) [], R    
emoteException
    + FullyQualifiedErrorI 
   d : NativeCommandError
 
file: [36mC:/workspace/Pro
ject-IV-main/src/calendar/c
omponents/header/calendar-h
eader.tsx:2:39[39m
[33m1: const Link = (({ 
href, children, ...props 
}: any) => <a href={href} 
{...props}>{children}</a>) 
as any;
2: import { Columns, 
Grid3x3, List, Plus, 
Grid2x2, CalendarRange } 
from "lucide-react";
                           
               ^
3: 
4: import { Button } from "
@/components/ui/button";[3
9m
[31merror during build:
RollupError: "Grid2x2" is 
not exported by "node_modul
es/lucide-react/dist/esm/lu
cide-react.mjs", imported 
by "src/calendar/components
/header/calendar-header.tsx
".
    at error (file:///C:/wo
rkspace/Project-IV-main/nod
e_modules/rollup/dist/es/sh
ared/node-entry.js:2287:30)
    at Module.error (file:/
//C:/workspace/Project-IV-m
ain/node_modules/rollup/dis
t/es/shared/node-entry.js:1
3751:16)
    at 
Module.traceVariable (file:
///C:/workspace/Project-IV-
main/node_modules/rollup/di
st/es/shared/node-entry.js:
14181:29)
    at 
ModuleScope.findVariable (f
ile:///C:/workspace/Project
-IV-main/node_modules/rollu
p/dist/es/shared/node-entry
.js:12621:39)
    at 
FunctionScope.findVariable 
(file:///C:/workspace/Proje
ct-IV-main/node_modules/rol
lup/dist/es/shared/node-ent
ry.js:7130:38)
    at 
ChildScope.findVariable (fi
le:///C:/workspace/Project-
IV-main/node_modules/rollup
/dist/es/shared/node-entry.
js:7130:38)
    at Identifier.bind (fil
e:///C:/workspace/Project-I
V-main/node_modules/rollup/
dist/es/shared/node-entry.j
s:8325:40)
    at CallExpression.bind 
(file:///C:/workspace/Proje
ct-IV-main/node_modules/rol
lup/dist/es/shared/node-ent
ry.js:5894:28)
    at CallExpression.bind 
(file:///C:/workspace/Proje
ct-IV-main/node_modules/rol
lup/dist/es/shared/node-ent
ry.js:9896:15)
    at Property.bind (file:
///C:/workspace/Project-IV-
main/node_modules/rollup/di
st/es/shared/node-entry.js:
5898:23)[39m
